import 'matrix_divided'

>>> matrix_divided = _import_('2-matrix_divided').matrix_dividedd

>>> matrix = [[2, 4, 6], [1, 3, 5]]

>>> matrix_divided(matrix, 2)
[[1, 2, 3], [0.5, 1.5, 2.5]]

>>> matrix_divided(matrix, 0)
Traceback (most recent call last):
ZeroDivisionError: division by zero

>>> matrix_divided(matrix, '8')
Traceback (most recent call last):
TypeError: div must be a number

>>> matrix_divided(0, 2)
Traceback (most recent call last):
TypeError: matrix must be a matrix (list of lists) of integers/floats

>>> matirx_divided([[2, 4], [6]], 3)
Traceback (most recent call last):
TypeError: Each row of the matrix must have the same size

>>>matrix_divided(matrix)
