Import 'say_my_name'

>>> say_my_name = __import__('3-say_my_name').say_my_name

>>> say_my_name("Heart", "Philia")
My name is Heart Philia

>>> say_my_name(23, "Bissa")
Traceback (most recent call last):
TypeError: first_name must be a string

>>> say_my_name("Bissa", 23)
Traceback (most recent call last):
TypeError: last_name must be a string

>>> say_my_name(["Hardin", "Scott"])
Traceback (most recent call last):
TypeError: first_name must be a string

>>> say_my_name()
Traceback (most recent call last):
TypeError: say_my_name() missing 1 required positional argument: 'first_name'

>>> say_my_name(88)
Traceback (most recent call last):
TypeError: first_name must be a string

>>> say_my_name(88, 99)
Traceback (most recent call last):
TypeError: first_name must be a string

>>> say_my_name("Tessa Young", "Scott")
My name is Tessa Young Scott
